
              # Small delay to prevent IOLoop overload
              time.sleep(0.02)
              return result
          except (RuntimeError, TypeError, AttributeError, OSError, ConnectionError) as e:
              error_str = str(e).lower()
              if any(keyword in error_str for keyword in ["ioloop", "msgpack", "len()", "dictionary", 
"timeout", "connection", "already running"]):
                  # Known msgpackrpc/tornado errors - retry with exponential backoff
                  if attempt < max_retries - 1:
                      backoff = delay * (2 ** min(attempt, 4))  # Exponential backoff up to 16x
                      time.sleep(backoff)
                      continue
              # All retries failed
              if attempt == max_retries - 1:
                  print(f"âš ï¸ AirSim call failed after {max_retries} attempts: {e}")
              return None
>         except Exception as e:
              # Unexpected error, still try once more
              if attempt < max_retries - 1:
                  self.ax3.relim()
                  self.ax3.autoscale_view(scalex=False, scaley=True)
                  self.ax4.set_xlim(1, max(2, len(ep_on)))
                  self.ax4.relim()
                  self.ax4.autoscale_view(scalex=False, scaley=True)
  
              # Update Map
              if hasattr(self, 'map_goal_pos'):
                  self.map_goal_pos.set_data([self.goal_x], [self.goal_y])
  
              if hasattr(self, 'metrics') and len(self.metrics.get('positions_x', [])) > 0:
                  self.map_drone_pos.set_data([self.metrics['positions_x'][-1]], 
[self.metrics['positions_y'][-1]])
                  self.map_drone_path.set_data(self.metrics['positions_x'], self.metrics['positions_y'])
  
              self.canvas.draw()
>         except Exception as e:
              print(f"Graph update error completely bypassed: {e}")
>         except Exception as e:
              print(f"Graph update error completely bypassed: {e}")
  
                      w // 2, h - 15,
                      text=f"\u2191 {cardinal} ({compass_deg:.0f}\u00b0)",
                      fill="#90caf9", font=("Arial", 9)
                  )
                  
                  # Update direction label
                  self.wind_direction_label.config(text=f"Direction: {cardinal} ({compass_deg:.0f}\u00b0)")
              else:
                  self.wind_canvas.create_text(
                      w // 2, h - 15,
                      text="\u2014 NO WIND \u2014",
                      fill="#607d8b", font=("Arial", 9)
                  )
                  self.wind_direction_label.config(text="Direction: N/A (No Wind)")
                  
>         except Exception as e:
              print(f"Wind pattern drawing error: {e}")
      
                  self.goal_y = round(click_y, 1)
  
                  # Update entry fields
                  self.goal_x_entry.delete(0, tk.END)
                  self.goal_y_entry.delete(0, tk.END)
                  self.goal_x_entry.insert(0, str(self.goal_x))
                  self.goal_y_entry.insert(0, str(self.goal_y))
  
                  # Update current goal label
                  self.current_goal_label.config(text=f"Current: ({self.goal_x}, {self.goal_y})", fg="#4caf50")
  
                  # REFRESH GRAPHS TO SHOW NEW GOAL POSITION
                  self.update_graphs()
  
                  print(f"Target set {self.goal_x}, {self.goal_y}")
>         except Exception as e:
              print(f"Map click error: {e}")
  
                                  critic_state['fc1.weight'] = new_critic_weight
                                  print(f"  âœ“ Critic weights adapted successfully")
                          
                          self.agent.critic.load_state_dict(critic_state, strict=False)
                  else:
                      # Old format, try direct loading
                      self.agent.actor.load_state_dict(checkpoint, strict=False)
                      
                  print(f"âœ“ MHA-PPO Brain loaded successfully ({MODEL_PATH})")
                  
                  if self.learning_enabled:
                      print("ðŸŽ“ Online Learning ENABLED - Agent will improve from this run")
                  else:
                      print("ðŸ“– Inference Mode - Using pre-trained policy only")
                      
>             except Exception as e:
                  print(f"âš ï¸ Model loading failed: {e}")
                  print("âš ï¸ Using randomized policy - navigation will use proportional controller")
                  
                  if step % 50 == 0:
                      try:
                          self.update_graphs()
                          if step % 100 == 0:
                              print(f"  ðŸ“Š Graphs updated at step {step}")
                      except Exception as graph_err:
                          print(f"Graph update error at step {step}: {graph_err}")
                  
                  step += 1
                  
                  elapsed = time.time() - loop_start
                  if elapsed < dt:
                      time.sleep(dt - elapsed)
                      
>         except Exception as e:
              print(f"Flight error: {e}")
              import traceback
                      return (True, "RIGHT")
  
                  # Rule C: Warning band, suggest side correction but no hard evade
                  if dist_c < 14.0:
                      if dist_l > dist_r + 0.5:
                          return (False, "LEFT")
                      if dist_r > dist_l + 0.5:
                          return (False, "RIGHT")
                      return (False, "UP")
              
              return (False, None)  # No depth data
              
          except BufferError:
              # Buffer error - skip this check
              return (False, None)
>         except Exception as e:
              print(f"âš ï¸ Collision prediction error: {e}")
              return (False, None)
                  safe_airsim_call(self.client.moveByVelocityAsync, 0.0, 0.0, float(descent_rate), 
duration=0.5, vehicle_name='Drone1')
                  time.sleep(0.18)
  
              # Final gentle touchdown
              print("  ðŸ›¬ Final touchdown...")
              safe_airsim_call(self.client.moveByVelocityAsync, 0, 0, 0, 0.4, vehicle_name='Drone1')  # 
Stabilize
              time.sleep(0.2)
              safe_airsim_call(self.client.landAsync)
              time.sleep(0.6)
              
              safe_airsim_call(self.client.armDisarm, False, vehicle_name='Drone1')
              safe_airsim_call(self.client.enableApiControl, False, vehicle_name='Drone1')
              print("âœ“ Landed safely")
              self.status_label.config(text="â— Landed", fg="gray")
              
>         except Exception as e:
              print(f"Landing error: {e}")
              import traceback
          ).pack(pady=5)
      
      def load_gnn_agent(self):
          """Load GNN agent for comparison"""
          try:
              if GNN_AVAILABLE:
                  self.gnn_agent = PPO_GNN_Agent(state_dim=9, action_dim=3)
                  try:
                      checkpoint = torch.load('gnn_agent.pth', map_location='cpu')
                      self.gnn_agent.actor.load_state_dict(checkpoint['actor_state_dict'], strict=False)
                      print("âœ“ GNN agent loaded from gnn_agent.pth")
                  except:
                      print("âš ï¸ GNN agent initialized with random weights")
              else:
                  print("âš ï¸ GNN agent not available - will use simulated comparison")
>         except Exception as e:
              print(f"âŒ Error loading GNN agent: {e}")
  
          self.md_random_status.config(text="Status: Launching random drones first...")
          
          # Initialize dedicated clients (prevents IOLoop concurrency conflicts)
          try:
              print("ðŸ”Œ Connecting to 5 drones in AirSim...")
              self.md_clients = {
                  "Drone1": airsim.MultirotorClient(),
                  "Drone2": airsim.MultirotorClient(),
                  "Drone3": airsim.MultirotorClient(),
                  "Drone4": airsim.MultirotorClient(),
                  "Drone5": airsim.MultirotorClient(),
              }
              for c in self.md_clients.values():
                  c.confirmConnection()
              print("âœ“ Connected to AirSim with all 5 drones")
>         except Exception as e:
              print(f"âŒ Failed to connect to AirSim: {e}")
              self.multidrone_active = False
          """Stop multi-drone scenario"""
          self.multidrone_active = False
          self.multidrone_start_btn.config(state="normal")
          self.multidrone_stop_btn.config(state="disabled")
          try:
              if hasattr(self, 'md_clients') and self.md_clients is not None:
                  for name in ["Drone1", "Drone2", "Drone3", "Drone4", "Drone5"]:
                      client = self.md_clients.get(name)
                      if client is None:
                          continue
                      fut = safe_airsim_call(client.landAsync, vehicle_name=name)
                      if fut is not None:
                          fut.join()
                      safe_airsim_call(client.armDisarm, False, vehicle_name=name)
                      safe_airsim_call(client.enableApiControl, False, vehicle_name=name)
>         except Exception as e:
              print(f"âš ï¸ Multi-drone shutdown warning: {e}")
          print("\nðŸ›‘ Multi-drone scenario stopped")
                      vy_hold,
                      vz_down,
                      duration=0.45,
                      vehicle_name=vehicle_name,
                  )
                  time.sleep(0.15)
  
              safe_airsim_call(client.moveByVelocityAsync, 0.0, 0.0, 0.2, duration=0.35, 
vehicle_name=vehicle_name)
              fut = safe_airsim_call(client.landAsync, vehicle_name=vehicle_name)
              if fut is not None:
                  fut.join()
  
              safe_airsim_call(client.armDisarm, False, vehicle_name=vehicle_name)
              safe_airsim_call(client.enableApiControl, False, vehicle_name=vehicle_name)
              print(f"âœ“ {vehicle_name}: landed safely")
>         except Exception as e:
              print(f"âš ï¸ {vehicle_name}: controlled landing fallback due to {e}")
              fut = safe_airsim_call(client.landAsync, vehicle_name=vehicle_name)
                  self.md_main_battery.config(text=f"Battery: {battery:.1f}%")
                  self.md_main_energy.config(text=f"Energy: {energy:.2f} Wh")
                  self.md_comm_label.config(text=f"Inter-Drone Collisions Avoided: 
{self.comm_avoidance_count}")
                  self.md_threat_label.config(text=f"Threat Events (Drone5->Main): {self.md_threat_events}")
                  self._record_md_comm_sample()
                  
                  if step % 30 == 0:
                      print(
                          f"ðŸ”´ Main: Pos({current_pos[0]:.1f}, {current_pos[1]:.1f}) "
                          f"Dist:{distance:.1f}m Spd:{speed:.1f}m/s Batt:{battery:.1f}%"
                      )
                  
                  step += 1
                  time.sleep(dt)
                  
>         except Exception as e:
              print(f"âŒ Main drone error: {e}")
              import traceback
                      daemon=True,
                  ).start()
  
              self.md_random_status.config(text="Status: Random drones warming up (movement check)...")
              warmup_start = time.time()
              
              while self.multidrone_active:
                  self.md_random_count.config(text=f"Active: 4/4")
                  if (not self.md_random_ready.is_set()) and all(self.md_random_moved.values()) and 
((time.time() - warmup_start) >= self.md_random_warmup_seconds):
                      self.md_random_ready.set()
                      self.md_random_status.config(text="Status: All random drones are moving")
                  self._record_md_comm_sample()
  
                  time.sleep(dt)
                  
>         except Exception as e:
              print(f"âŒ Random drone error: {e}")
              import traceback
                  h = abs(pos.z_val) - self.ground_height
                  h_err = 20.0 - h
                  vz = np.clip((0.08 * h_err) - (0.75 * float(vel.z_val)), -0.55, 0.55)
  
                  safe_airsim_call(
                      client.moveByVelocityAsync,
                      vx,
                      vy,
                      float(-vz),
                      duration=0.45,
                      vehicle_name=drone_name,
                  )
  
                  local_step += 1
                  time.sleep(0.08)
>         except Exception as e:
              print(f"âš ï¸ {drone_name} roaming thread error: {e}")
      
              self.comparison_active = True
              messagebox.showinfo("Comparison Started", 
                                "ðŸ¤– DUAL-DRONE RACE STARTED!\n\n"
                                "ðŸ”¶ Drone 1 (Orange): MHA-PPO Algorithm\n"
                                "ðŸŸ¢ Drone 2 (Green): GNN Algorithm\n\n"
                                "Both drones flying to same goal.\n"
                                "Watch the real-time comparison!", 
                                parent=window)
              
              # Start comparison threads for both drones
              threading.Thread(target=self._fly_drone1_mhappo, daemon=True).start()
              threading.Thread(target=self._fly_drone2_gnn, daemon=True).start()
              threading.Thread(target=self._update_comparison_graphs, daemon=True).start()
              threading.Thread(target=self._update_comparison_map, daemon=True).start()
              
>         except Exception as e:
              print(f"âŒ Error starting dual-drone comparison: {e}")
              import traceback
                      print(f"ðŸ”¶ D1: Pos({current_pos[0]:.1f}, {current_pos[1]:.1f}) Dist:{distance:.1f}m  
Speed:{speed:.1f}m/s Battery:{battery:.1f}%")
                  
                  # Check goal - AUTO LAND when reached (even with obstacles nearby)
                  if distance < 2.5:  # Reach close to goal
                      print(f"ðŸ† DRONE 1 (MHA-PPO) REACHED GOAL! Time: {elapsed:.1f}s, Energy: 
{energy:.2f}Wh")
                      print("   Landing Drone 1 NOW...")
                      self._comparison_controlled_land(self.drone1_client, "Drone1")
                      safe_airsim_call(self.drone1_client.armDisarm, False, vehicle_name="Drone1")
                      safe_airsim_call(self.drone1_client.enableApiControl, False, vehicle_name="Drone1")
                      print("âœ“ Drone 1 landed successfully")
                      break
                  
                  step += 1
                  time.sleep(dt)
                  
>         except Exception as e:
              print(f"âŒ Drone 1 error: {e}")
          finally:
                          gnn_energy = self.comp_data['gnn']['energy'][-1]
                          if abs(normal_energy) > 0.001:
                              improvement = ((normal_energy - gnn_energy) / normal_energy) * 100
                              messagebox.showinfo(
                                  "Race Result",
                                  f"ðŸ† COMPARISON COMPLETE!\n\n"
                                  f"ðŸ”¶ Drone 1 (MHA-PPO): {normal_energy:.2f} Wh\n"
                                  f"ðŸŸ¢ Drone 2 (GNN): {gnn_energy:.2f} Wh\n\n"
                                  f"âš¡ GNN is {improvement:.1f}% more efficient!"
                              )
                      break
                  
                  step += 1
                  time.sleep(dt)
                  
>         except Exception as e:
              print(f"âŒ Drone 2 error: {e}")
          finally:
  
                  # Fast descent - NO drift correction (land immediately at current location)
                  if altitude > 10.0:
                      vz_down = 1.8  # Fast high altitude descent
                  elif altitude > 5.0:
                      vz_down = 1.2  # Medium descent
                  else:
                      vz_down = 0.8  # Gentle final descent
  
                  safe_airsim_call(client.moveByVelocityAsync, 0.0, 0.0, vz_down, duration=0.5, 
vehicle_name=vehicle_name)
                  time.sleep(0.12)
  
              print(f"   {vehicle_name}: Landing command sent")
              safe_airsim_call(client.landAsync, vehicle_name=vehicle_name)
              time.sleep(0.4)
>         except Exception as e:
              print(f"   âš ï¸ Landing error ({vehicle_name}): {e}")
              safe_airsim_call(client.landAsync, vehicle_name=vehicle_name)
          """Stop the comparison race and land both drones"""
          print("\nâ¹ Stopping comparison race...")
          self.comparison_active = False
          
          # Give threads time to exit
          time.sleep(0.5)
          
          # Land both drones safely
          try:
              if self.drone1_client:
                  print("   Controlled landing Drone 1...")
                  self._comparison_controlled_land(self.drone1_client, "Drone1")
                  safe_airsim_call(self.drone1_client.armDisarm, False, vehicle_name="Drone1")
                  safe_airsim_call(self.drone1_client.enableApiControl, False, vehicle_name="Drone1")
                  print("   âœ“ Drone 1 landed successfully")
>         except Exception as e:
              print(f"   âš ï¸ Error landing Drone 1: {e}")
          
          try:
              if self.drone2_client:
                  print("   Controlled landing Drone 2...")
                  self._comparison_controlled_land(self.drone2_client, "Drone2")
                  safe_airsim_call(self.drone2_client.armDisarm, False, vehicle_name="Drone2")
                  safe_airsim_call(self.drone2_client.enableApiControl, False, vehicle_name="Drone2")
                  print("   âœ“ Drone 2 landed successfully")
>         except Exception as e:
              print(f"   âš ï¸ Error landing Drone 2: {e}")
          


